Files in the public directory are served at the root path.
Instead of /public/assets/layered/card-rim.webp, use /assets/layered/card-rim.webp.
Files in the public directory are served at the root path.
Instead of /public/assets/layered/card-rim.webp, use /assets/layered/card-rim.webp.
Files in the public directory are served at the root path.
Instead of /public/assets/layered/card-rim.webp, use /assets/layered/card-rim.webp.
Files in the public directory are served at the root path.
Instead of /public/assets/layered/card-rim.webp, use /assets/layered/card-rim.webp.
Files in the public directory are served at the root path.
Instead of /public/assets/layered/card-rim.webp, use /assets/layered/card-rim.webp.
Files in the public directory are served at the root path.
Instead of /public/assets/layered/card-rim.webp, use /assets/layered/card-rim.webp.
Files in the public directory are served at the root path.
Instead of /public/assets/layered/card-rim.webp, use /assets/layered/card-rim.webp.
Files in the public directory are served at the root path.
Instead of /public/assets/layered/card-rim.webp, use /assets/layered/card-rim.webp.
Files in the public directory are served at the root path.
Instead of /public/assets/layered/card-rim.webp, use /assets/layered/card-rim.webp.
Files in the public directory are served at the root path.
Instead of /public/assets/layered/card-rim.webp, use /assets/layered/card-rim.webp.
Files in the public directory are served at the root path.
Instead of /public/assets/layered/card-rim.webp, use /assets/layered/card-rim.webp.
Files in the public directory are served at the root path.
Instead of /public/assets/layered/card-rim.webp, use /assets/layered/card-rim.webp.
Files in the public directory are served at the root path.
Instead of /public/assets/layered/card-rim.webp, use /assets/layered/card-rim.webp.
Files in the public directory are served at the root path.
Instead of /public/assets/layered/card-rim.webp, use /assets/layered/card-rim.webp.
Files in the public directory are served at the root path.
Instead of /public/assets/layered/card-rim.webp, use /assets/layered/card-rim.webp.
Files in the public directory are served at the root path.
Instead of /public/assets/layered/card-rim.webp, use /assets/layered/card-rim.webp.
Files in the public directory are served at the root path.
Instead of /public/assets/layered/card-rim.webp, use /assets/layered/card-rim.webp.
Files in the public directory are served at the root path.
Instead of /public/assets/ui/action-gold.webp, use /assets/ui/action-gold.webp.
Files in the public directory are served at the root path.
Instead of /public/assets/layered/card-rim.webp, use /assets/layered/card-rim.webp.
Files in the public directory are served at the root path.
Instead of /public/assets/layered/card-rim.webp, use /assets/layered/card-rim.webp.
Files in the public directory are served at the root path.
Instead of /public/assets/layered/card-rim.webp, use /assets/layered/card-rim.webp.
Files in the public directory are served at the root path.
Instead of /public/assets/ui/action-gold.webp, use /assets/ui/action-gold.webp.
Files in the public directory are served at the root path.
Instead of /public/assets/layered/card-rim.webp, use /assets/layered/card-rim.webp.
Files in the public directory are served at the root path.
Instead of /public/assets/layered/card-rim.webp, use /assets/layered/card-rim.webp.
Files in the public directory are served at the root path.
Instead of /public/assets/layered/card-rim.webp, use /assets/layered/card-rim.webp.
Files in the public directory are served at the root path.
Instead of /public/assets/layered/card-rim.webp, use /assets/layered/card-rim.webp.
Files in the public directory are served at the root path.
Instead of /public/assets/layered/card-rim.webp, use /assets/layered/card-rim.webp.
4:09:57 AM [vite] Internal server error: Missing "./multiplayer" specifier in "@workspace/squabblemon-engine" package
  Plugin: vite:import-analysis
  File: E:/Apps/code/minimax/Squabblemon/artifacts/squabblemon/src/components/MultiplayerBattle.tsx:7:98
  7  |  import { BattleFeedback, loadFeedbackPreferences, saveFeedbackPreferences } from "../battleFeedback";
  8  |  import { CardView } from "./CardView";
  9  |  import { otherSeat, TURN_SECONDS } from "@workspace/squabblemon-engine/multiplayer";
     |                                           ^
  10 |  const asCard = (card) => ({ ...cards[card.cardId], ...card, deck: "online", playedRound: null, lastEffectNote: "" });
  11 |  export function MultiplayerBattle({ room, busy, connected, reducedMotion, send, onLeave }) {
      at e (file:///E:/Apps/code/minimax/Squabblemon/node_modules/vite/dist/node/chunks/config.js:6667:8)
      at n (file:///E:/Apps/code/minimax/Squabblemon/node_modules/vite/dist/node/chunks/config.js:6679:14)
      at o (file:///E:/Apps/code/minimax/Squabblemon/node_modules/vite/dist/node/chunks/config.js:6707:10)
      at resolveExportsOrImports (file:///E:/Apps/code/minimax/Squabblemon/node_modules/vite/dist/node/chunks/config.js:32907:45)
      at resolveDeepImport (file:///E:/Apps/code/minimax/Squabblemon/node_modules/vite/dist/node/chunks/config.js:32921:22)
      at tryNodeResolve (file:///E:/Apps/code/minimax/Squabblemon/node_modules/vite/dist/node/chunks/config.js:32796:70)
      at ResolveIdContext.handler (file:///E:/Apps/code/minimax/Squabblemon/node_modules/vite/dist/node/chunks/config.js:32635:16)
      at process.processTicksAndRejections (node:internal/process/task_queues:104:5)
      at async EnvironmentPluginContainer.resolveId (file:///E:/Apps/code/minimax/Squabblemon/node_modules/vite/dist/node/chunks/config.js:28797:19)
      at async TransformPluginContext.resolve (file:///E:/Apps/code/minimax/Squabblemon/node_modules/vite/dist/node/chunks/config.js:29009:13)
      at async normalizeUrl (file:///E:/Apps/code/minimax/Squabblemon/node_modules/vite/dist/node/chunks/config.js:27191:22)
      at async file:///E:/Apps/code/minimax/Squabblemon/node_modules/vite/dist/node/chunks/config.js:27257:32
      at async Promise.all (index 6)
      at async TransformPluginContext.transform (file:///E:/Apps/code/minimax/Squabblemon/node_modules/vite/dist/node/chunks/config.js:27225:4)
      at async EnvironmentPluginContainer.transform (file:///E:/Apps/code/minimax/Squabblemon/node_modules/vite/dist/node/chunks/config.js:28877:14)
      at async loadAndTransform (file:///E:/Apps/code/minimax/Squabblemon/node_modules/vite/dist/node/chunks/config.js:22746:26)
4:09:57 AM [vite] (client) Pre-transform error: Missing "./multiplayer" specifier in "@workspace/squabblemon-engine" package
  Plugin: vite:import-analysis
  File: E:/Apps/code/minimax/Squabblemon/artifacts/squabblemon/src/components/MultiplayerBattle.tsx:7:98
  7  |  import { BattleFeedback, loadFeedbackPreferences, saveFeedbackPreferences } from "../battleFeedback";
  8  |  import { CardView } from "./CardView";
  9  |  import { otherSeat, TURN_SECONDS } from "@workspace/squabblemon-engine/multiplayer";
     |                                           ^
  10 |  const asCard = (card) => ({ ...cards[card.cardId], ...card, deck: "online", playedRound: null, lastEffectNote: "" });
  11 |  export function MultiplayerBattle({ room, busy, connected, reducedMotion, send, onLeave }) {
Files in the public directory are served at the root path.
Instead of /public/assets/layered/card-rim.webp, use /assets/layered/card-rim.webp.
4:20:34 AM [vite] (client) Pre-transform error: Failed to load url /@fs/E:/Apps/code/minimax/Squabblemon/lib/api-client-react/src/generated/api.ts (resolved id: E:/Apps/code/minimax/Squabblemon/lib/api-client-react/src/generated/api.ts) in E:/Apps/code/minimax/Squabblemon/lib/api-client-react/src/index.ts. Does the file exist?
4:20:34 AM [vite] (client) Pre-transform error: Failed to load url /@fs/E:/Apps/code/minimax/Squabblemon/lib/api-client-react/src/generated/api.ts (resolved id: E:/Apps/code/minimax/Squabblemon/lib/api-client-react/src/generated/api.ts) in E:/Apps/code/minimax/Squabblemon/lib/api-client-react/src/index.ts. Does the file exist?
4:20:34 AM [vite] (client) Pre-transform error: Failed to load url /@fs/E:/Apps/code/minimax/Squabblemon/lib/api-client-react/src/generated/api.schemas.ts (resolved id: E:/Apps/code/minimax/Squabblemon/lib/api-client-react/src/generated/api.schemas.ts) in E:/Apps/code/minimax/Squabblemon/lib/api-client-react/src/index.ts. Does the file exist?
4:20:34 AM [vite] (client) Pre-transform error: Failed to load url /@fs/E:/Apps/code/minimax/Squabblemon/lib/api-client-react/src/generated/api.schemas.ts (resolved id: E:/Apps/code/minimax/Squabblemon/lib/api-client-react/src/generated/api.schemas.ts) in E:/Apps/code/minimax/Squabblemon/lib/api-client-react/src/index.ts. Does the file exist?
Files in the public directory are served at the root path.
Instead of /public/assets/layered/card-rim.webp, use /assets/layered/card-rim.webp.
Files in the public directory are served at the root path.
Instead of /public/assets/layered/card-rim.webp, use /assets/layered/card-rim.webp.
Files in the public directory are served at the root path.
Instead of /public/assets/layered/card-rim.webp, use /assets/layered/card-rim.webp.
Files in the public directory are served at the root path.
Instead of /public/assets/layered/card-rim.webp, use /assets/layered/card-rim.webp.
Files in the public directory are served at the root path.
Instead of /public/assets/layered/card-rim.webp, use /assets/layered/card-rim.webp.
Files in the public directory are served at the root path.
Instead of /public/assets/layered/card-rim.webp, use /assets/layered/card-rim.webp.
