
  VITE v7.3.6  ready in 357 ms

  ➜  Local:   http://127.0.0.1:5173/squabblemon/
  ➜  press h + enter to show help
2:21:33 AM [vite] (client) hmr update /src/index.css, /src/pages/game/PlayerDeckPlay.tsx
2:21:35 AM [vite] (client) hmr update /src/index.css, /src/components/PlayLoop.tsx
2:21:35 AM [vite] (client) hmr invalidate /src/components/PlayLoop.tsx Could not Fast Refresh ("EFFECT_PRESENTATION_TIMING" export is incompatible). Learn more at https://github.com/vitejs/vite-plugin-react/tree/main/packages/plugin-react#consistent-components-exports
2:21:35 AM [vite] (client) hmr update /src/App.tsx, /src/pages/game/DeckTest.tsx, /src/pages/game/Onboarding.tsx, /src/pages/game/PlayerDeckPlay.tsx, /src/pages/game/FirstDeckWorkshop.tsx
2:22:11 AM [vite] (client) hmr update /src/index.css, /src/components/PlayLoop.tsx
2:22:11 AM [vite] (client) hmr invalidate /src/components/PlayLoop.tsx Could not Fast Refresh ("EFFECT_PRESENTATION_TIMING" export is incompatible). Learn more at https://github.com/vitejs/vite-plugin-react/tree/main/packages/plugin-react#consistent-components-exports
2:22:11 AM [vite] (client) hmr update /src/App.tsx, /src/pages/game/DeckTest.tsx, /src/pages/game/Onboarding.tsx, /src/pages/game/PlayerDeckPlay.tsx, /src/pages/game/FirstDeckWorkshop.tsx
2:36:56 AM [vite] (client) hmr update /src/pages/game/Story.tsx, /src/components/PlayLoop.tsx, /src/components/CardInspector.tsx, /src/components/ResultScreen.tsx, /src/components/Battle.tsx, /src/components/BattlePowerBreakdown.tsx, /src/components/BattleCrew.tsx, /src/components/BattleReadability.tsx, /src/components/BattleVictory.tsx, /src/pages/game/CareerBoard.tsx, /src/components/DeckWorkbench.tsx
2:36:56 AM [vite] (client) hmr invalidate /src/components/PlayLoop.tsx Could not Fast Refresh ("EFFECT_PRESENTATION_TIMING" export is incompatible). Learn more at https://github.com/vitejs/vite-plugin-react/tree/main/packages/plugin-react#consistent-components-exports
2:36:56 AM [vite] (client) hmr update /src/App.tsx, /src/pages/game/DeckTest.tsx, /src/pages/game/Onboarding.tsx, /src/pages/game/PlayerDeckPlay.tsx, /src/pages/game/FirstDeckWorkshop.tsx
2:36:56 AM [vite] (client) hmr invalidate /src/components/Battle.tsx Could not Fast Refresh ("createBattleDecisionHandlers" export is incompatible). Learn more at https://github.com/vitejs/vite-plugin-react/tree/main/packages/plugin-react#consistent-components-exports
2:36:56 AM [vite] (client) hmr update /src/components/PlayLoop.tsx
2:36:58 AM [vite] (client) hmr update /src/pages/game/GameApp.tsx, /src/pages/game/DeckEditor.tsx, /src/pages/game/Missions.tsx, /src/pages/game/Decks.tsx, /src/pages/game/Home.tsx, /src/pages/game/Settings.tsx, /src/pages/game/Onboarding.tsx, /src/pages/game/Collection.tsx, /src/pages/game/Shop.tsx, /src/pages/game/Story.tsx, /src/components/PlayLoop.tsx, /src/pages/game/FirstDeckWorkshop.tsx, /src/pages/game/CareerBoard.tsx, /src/pages/game/Market.tsx, /src/components/CardInspector.tsx
2:36:58 AM [vite] (client) hmr invalidate /src/components/PlayLoop.tsx Could not Fast Refresh ("EFFECT_PRESENTATION_TIMING" export is incompatible). Learn more at https://github.com/vitejs/vite-plugin-react/tree/main/packages/plugin-react#consistent-components-exports
2:36:58 AM [vite] (client) hmr update /src/App.tsx, /src/pages/game/DeckTest.tsx, /src/pages/game/Onboarding.tsx, /src/pages/game/PlayerDeckPlay.tsx, /src/pages/game/FirstDeckWorkshop.tsx
2:39:05 AM [vite] (client) hmr update /src/index.css, /src/components/PlayLoop.tsx
2:39:06 AM [vite] (client) hmr invalidate /src/components/PlayLoop.tsx Could not Fast Refresh ("EFFECT_PRESENTATION_TIMING" export is incompatible). Learn more at https://github.com/vitejs/vite-plugin-react/tree/main/packages/plugin-react#consistent-components-exports
2:39:06 AM [vite] (client) hmr update /src/App.tsx, /src/pages/game/DeckTest.tsx, /src/pages/game/Onboarding.tsx, /src/pages/game/PlayerDeckPlay.tsx, /src/pages/game/FirstDeckWorkshop.tsx
2:39:07 AM [vite] (client) hmr update /src/index.css, /src/components/Battle.tsx
2:39:07 AM [vite] (client) hmr invalidate /src/components/Battle.tsx Could not Fast Refresh ("createBattleDecisionHandlers" export is incompatible). Learn more at https://github.com/vitejs/vite-plugin-react/tree/main/packages/plugin-react#consistent-components-exports
2:39:07 AM [vite] (client) hmr update /src/components/PlayLoop.tsx
2:39:07 AM [vite] (client) hmr invalidate /src/components/PlayLoop.tsx Could not Fast Refresh ("EFFECT_PRESENTATION_TIMING" export is incompatible). Learn more at https://github.com/vitejs/vite-plugin-react/tree/main/packages/plugin-react#consistent-components-exports
2:39:07 AM [vite] (client) hmr update /src/App.tsx, /src/pages/game/DeckTest.tsx, /src/pages/game/Onboarding.tsx, /src/pages/game/PlayerDeckPlay.tsx, /src/pages/game/FirstDeckWorkshop.tsx
2:39:08 AM [vite] (client) hmr update /src/index.css, /src/components/RulesModal.tsx
2:39:10 AM [vite] (client) hmr update /src/index.css, /src/components/Battle.tsx
2:39:10 AM [vite] (client) hmr invalidate /src/components/Battle.tsx Could not Fast Refresh ("createBattleDecisionHandlers" export is incompatible). Learn more at https://github.com/vitejs/vite-plugin-react/tree/main/packages/plugin-react#consistent-components-exports
2:39:10 AM [vite] (client) hmr update /src/components/PlayLoop.tsx
2:39:10 AM [vite] (client) hmr invalidate /src/components/PlayLoop.tsx Could not Fast Refresh ("EFFECT_PRESENTATION_TIMING" export is incompatible). Learn more at https://github.com/vitejs/vite-plugin-react/tree/main/packages/plugin-react#consistent-components-exports
2:39:10 AM [vite] (client) hmr update /src/App.tsx, /src/pages/game/DeckTest.tsx, /src/pages/game/Onboarding.tsx, /src/pages/game/PlayerDeckPlay.tsx, /src/pages/game/FirstDeckWorkshop.tsx
2:39:11 AM [vite] (client) hmr update /src/index.css, /src/components/PlayLoop.tsx
2:39:11 AM [vite] (client) hmr invalidate /src/components/PlayLoop.tsx Could not Fast Refresh ("EFFECT_PRESENTATION_TIMING" export is incompatible). Learn more at https://github.com/vitejs/vite-plugin-react/tree/main/packages/plugin-react#consistent-components-exports
2:39:11 AM [vite] (client) hmr update /src/App.tsx, /src/pages/game/DeckTest.tsx, /src/pages/game/Onboarding.tsx, /src/pages/game/PlayerDeckPlay.tsx, /src/pages/game/FirstDeckWorkshop.tsx
2:42:55 AM [vite] (client) hmr update /src/index.css, /src/components/Battle.tsx
2:42:56 AM [vite] (client) hmr invalidate /src/components/Battle.tsx Could not Fast Refresh ("createBattleDecisionHandlers" export is incompatible). Learn more at https://github.com/vitejs/vite-plugin-react/tree/main/packages/plugin-react#consistent-components-exports
2:42:56 AM [vite] (client) hmr update /src/components/PlayLoop.tsx
2:42:56 AM [vite] (client) hmr invalidate /src/components/PlayLoop.tsx Could not Fast Refresh ("EFFECT_PRESENTATION_TIMING" export is incompatible). Learn more at https://github.com/vitejs/vite-plugin-react/tree/main/packages/plugin-react#consistent-components-exports
2:42:56 AM [vite] (client) hmr update /src/App.tsx, /src/pages/game/DeckTest.tsx, /src/pages/game/Onboarding.tsx, /src/pages/game/PlayerDeckPlay.tsx, /src/pages/game/FirstDeckWorkshop.tsx
2:42:59 AM [vite] (client) hmr update /src/index.css, /src/components/PlayLoop.tsx
2:43:00 AM [vite] (client) hmr invalidate /src/components/PlayLoop.tsx Could not Fast Refresh ("EFFECT_PRESENTATION_TIMING" export is incompatible). Learn more at https://github.com/vitejs/vite-plugin-react/tree/main/packages/plugin-react#consistent-components-exports
2:43:00 AM [vite] (client) hmr update /src/App.tsx, /src/pages/game/DeckTest.tsx, /src/pages/game/Onboarding.tsx, /src/pages/game/PlayerDeckPlay.tsx, /src/pages/game/FirstDeckWorkshop.tsx
2:47:50 AM [vite] (client) hmr update /src/index.css
2:47:50 AM [vite] (client) hmr update /src/index.css
2:47:50 AM [vite] (client) hmr update /src/index.css
2:47:50 AM [vite] (client) hmr update /src/index.css
2:47:50 AM [vite] (client) hmr update /src/index.css
2:47:50 AM [vite] (client) hmr update /src/index.css
2:53:54 AM [vite] (client) hmr update /src/index.css, /src/pages/game/PlayerDeckPlay.tsx
2:53:54 AM [vite] (client) hmr update /src/index.css, /src/pages/game/Home.tsx
2:53:54 AM [vite] (client) hmr update /src/index.css, /src/pages/game/CareerBoard.tsx
2:53:54 AM [vite] (client) hmr update /src/index.css, /src/pages/game/Missions.tsx
2:53:54 AM [vite] (client) hmr update /src/index.css, /src/components/BattleEarnings.tsx
2:53:54 AM [vite] (client) hmr update /src/index.css, /src/pages/game/Market.tsx
2:53:54 AM [vite] (client) hmr update /src/index.css, /src/pages/game/Story.tsx
2:53:54 AM [vite] (client) hmr update /src/index.css, /src/components/ResultScreen.tsx
2:53:54 AM [vite] (client) hmr update /src/index.css, /src/components/Battle.tsx
2:55:56 AM [vite] (client) hmr update /src/index.css, /src/styles/game-ornaments.css
2:55:56 AM [vite] (client) hmr update /src/index.css, /src/components/venue/GameGlyph.tsx
2:55:56 AM [vite] (client) hmr update /src/index.css, /src/styles/game-ornaments.css
2:55:56 AM [vite] (client) hmr update /src/index.css, /src/pages/game/PlayerDeckPlay.tsx
2:55:56 AM [vite] (client) hmr update /src/index.css, /src/pages/game/CareerBoard.tsx
2:55:56 AM [vite] (client) hmr update /src/index.css, /src/components/BattleEarnings.tsx
2:55:56 AM [vite] (client) hmr update /src/index.css, /src/pages/game/Home.tsx
2:55:56 AM [vite] (client) hmr update /src/index.css, /src/pages/game/Missions.tsx
2:55:56 AM [vite] (client) hmr update /src/index.css, /src/pages/game/Market.tsx
2:55:56 AM [vite] (client) hmr update /src/index.css, /src/components/ResultScreen.tsx
2:56:39 AM [vite] (client) hmr update /src/index.css, /src/styles/game-ornaments.css
2:56:39 AM [vite] (client) hmr update /src/index.css, /src/styles/safehouse-stage.css
2:57:54 AM [vite] (client) hmr update /src/index.css, /src/styles/game-ornaments.css
2:59:42 AM [vite] (client) hmr update /src/index.css, /src/styles/game-ornaments.css
3:00:57 AM [vite] (client) hmr update /src/index.css, /src/components/venue/GameGlyph.tsx
3:00:57 AM [vite] (client) hmr update /src/index.css, /src/styles/game-ornaments.css
3:00:57 AM [vite] (client) hmr update /src/index.css, /src/pages/game/PlayerDeckPlay.tsx
3:00:57 AM [vite] (client) hmr update /src/index.css, /src/pages/game/CareerBoard.tsx
3:00:57 AM [vite] (client) hmr update /src/index.css, /src/components/BattleEarnings.tsx
3:00:57 AM [vite] (client) hmr update /src/index.css, /src/pages/game/Home.tsx
3:00:57 AM [vite] (client) hmr update /src/index.css, /src/pages/game/Missions.tsx
3:00:57 AM [vite] (client) hmr update /src/index.css, /src/pages/game/Market.tsx
3:00:57 AM [vite] (client) hmr update /src/index.css, /src/components/ResultScreen.tsx
3:13:33 AM [vite] (client) hmr update /src/index.css, /src/components/BattleEffects.tsx
3:13:33 AM [vite] (client) hmr update /src/index.css, /src/components/BattleAttack.tsx
3:13:33 AM [vite] (client) hmr update /src/index.css, /src/components/Battle.tsx
3:14:29 AM [vite] (client) hmr update /src/index.css, /src/components/battle-effects.css
3:18:14 AM [vite] (client) page reload e2e/combat-art.fixture.html
3:30:44 AM [vite] (client) hmr update /src/index.css, /src/pages/game/Shop.tsx
3:30:46 AM [vite] (client) hmr update /src/index.css, /src/pages/game/Shop.tsx
3:31:40 AM [vite] (client) hmr update /src/pages/game/GameApp.tsx, /src/pages/game/DeckEditor.tsx, /src/pages/game/Decks.tsx, /src/pages/game/DeckTest.tsx, /src/pages/game/Missions.tsx, /src/pages/game/Onboarding.tsx, /src/pages/game/PlayerDeckPlay.tsx, /src/pages/game/Collection.tsx, /src/pages/game/Shop.tsx, /src/pages/game/Story.tsx, /src/components/PlayLoop.tsx, /src/components/CardRarityTreatment.tsx, /src/pages/game/FirstDeckWorkshop.tsx, /src/pages/game/CareerBoard.tsx, /src/components/CardView.tsx, /src/components/DeckWorkbench.tsx, /src/pages/game/Market.tsx, /src/components/CardInspector.tsx, /src/components/BattleAttack.tsx, /src/components/SpecialMove.tsx, /src/components/StoryCinematic.tsx, /src/components/CardVariantTreatment.tsx, /src/components/Lobby.tsx, /src/components/ResultScreen.tsx, /src/components/Battle.tsx, /src/components/story/DialogueScene.tsx, /src/components/BattlePowerBreakdown.tsx, /src/components/story/ThreeStarResults.tsx, /src/components/story/ParallaxCinema.tsx, /src/components/BattleReadability.tsx, /src/components/BattleVictory.tsx, /src/components/BattleEarnings.tsx, /src/pages/game/Home.tsx, /src/pages/game/Settings.tsx, /src/components/story/StoryStage.tsx, /src/components/story/ChapterTicketProgress.tsx, /src/components/CardUpgrades.tsx, /src/components/BattleCrew.tsx
3:31:41 AM [vite] (client) hmr update /src/pages/game/Story.tsx, /src/components/PlayLoop.tsx, /src/components/CardInspector.tsx, /src/components/ResultScreen.tsx, /src/components/Battle.tsx, /src/components/BattlePowerBreakdown.tsx, /src/components/BattleCrew.tsx, /src/components/BattleReadability.tsx, /src/components/BattleVictory.tsx, /src/pages/game/CareerBoard.tsx, /src/components/DeckWorkbench.tsx
3:31:44 AM [vite] (client) hmr update /src/index.css, /src/components/CardView.tsx, /src/components/CardInspector.tsx, /src/components/Lobby.tsx, /src/components/CardFoil.tsx, /src/components/BattleAttack.tsx
3:31:45 AM [vite] (client) hmr update /src/index.css, /src/components/card-finish.css
3:31:47 AM [vite] (client) hmr update /src/index.css
3:32:16 AM [vite] (client) hmr update /src/index.css, /src/components/LoadingScreen.tsx, /src/pages/PublicEntry.tsx, /src/components/AnimatedLogo.tsx, /src/pages/game/GameApp.tsx, /src/pages/game/DeckEditor.tsx, /src/pages/game/Decks.tsx, /src/pages/game/DeckTest.tsx, /src/pages/game/Missions.tsx, /src/pages/game/Onboarding.tsx, /src/pages/game/PlayerDeckPlay.tsx, /src/pages/game/Collection.tsx, /src/pages/game/Shop.tsx, /src/pages/game/Story.tsx, /src/components/PlayLoop.tsx, /src/components/CardRarityTreatment.tsx, /src/pages/game/FirstDeckWorkshop.tsx, /src/pages/game/CareerBoard.tsx, /src/components/CardView.tsx, /src/components/DeckWorkbench.tsx, /src/pages/game/Market.tsx, /src/components/CardInspector.tsx, /src/components/BattleAttack.tsx, /src/components/SpecialMove.tsx, /src/components/StoryCinematic.tsx, /src/components/CardVariantTreatment.tsx, /src/components/Lobby.tsx, /src/components/ResultScreen.tsx, /src/components/Battle.tsx, /src/components/story/DialogueScene.tsx, /src/components/BattlePowerBreakdown.tsx, /src/components/story/ThreeStarResults.tsx, /src/components/story/ParallaxCinema.tsx, /src/components/BattleReadability.tsx, /src/components/BattleVictory.tsx, /src/components/BattleEarnings.tsx, /src/components/venue/GameNav.tsx, /src/components/DrFade.tsx, /src/components/venue/PropArt.tsx, /src/components/story/StoryStage.tsx, /src/components/CardFoil.tsx, /src/components/venue/GameGlyph.tsx
3:32:40 AM [vite] (client) hmr update /src/index.css, /src/components/PlayLoop.tsx, /src/components/BattleAttack.tsx, /src/components/SpecialMove.tsx
3:32:51 AM [vite] (client) hmr update /src/index.css, /src/components/PlayLoop.tsx, /src/components/BattleAttack.tsx, /src/components/SpecialMove.tsx
3:33:37 AM [vite] (client) hmr update /src/index.css, /src/pages/game/Collection.tsx
3:33:39 AM [vite] (client) hmr update /src/index.css, /src/components/CardView.tsx
3:33:40 AM [vite] (client) hmr update /src/index.css, /src/components/CardInspector.tsx
3:33:42 AM [vite] (client) hmr update /src/index.css
3:34:34 AM [vite] (client) page reload e2e/wave3-moves.fixture.html
3:34:43 AM [vite] (client) hmr update /src/pages/game/Story.tsx, /src/components/PlayLoop.tsx, /src/components/CardInspector.tsx, /src/components/ResultScreen.tsx, /src/components/Battle.tsx, /src/components/BattlePowerBreakdown.tsx, /src/components/BattleCrew.tsx, /src/components/BattleReadability.tsx, /src/components/BattleVictory.tsx, /src/pages/game/CareerBoard.tsx, /src/components/DeckWorkbench.tsx
3:34:44 AM [vite] (client) hmr update /src/index.css, /src/components/BattleEarnings.tsx
3:34:44 AM [vite] (client) hmr update /src/index.css
3:34:44 AM [vite] (client) hmr update /src/index.css, /src/components/venue/GameNav.tsx
3:34:44 AM [vite] (client) hmr update /src/index.css, /src/pages/game/Shop.tsx
3:34:47 AM [vite] (client) hmr update /src/index.css
3:34:51 AM [vite] (client) hmr update /src/index.css, /src/pages/game/Shop.tsx
3:34:56 AM [vite] (client) hmr update /src/index.css, /src/pages/game/Market.tsx
3:37:11 AM [vite] (client) hmr update /src/index.css, /src/components/PlayLoop.tsx, /src/components/BattleAttack.tsx, /src/components/SpecialMove.tsx
3:40:50 AM [vite] (client) hmr update /src/index.css, /src/components/PlayLoop.tsx, /src/components/BattleAttack.tsx, /src/components/SpecialMove.tsx
3:41:51 AM [vite] (client) hmr update /src/index.css, /src/components/PlayLoop.tsx, /src/components/BattleAttack.tsx, /src/components/SpecialMove.tsx
3:42:18 AM [vite] (client) hmr update /src/index.css, /src/styles/gacha-stage.css
3:42:26 AM [vite] (client) hmr update /src/index.css
3:42:26 AM [vite] (client) hmr update /src/index.css
3:42:26 AM [vite] (client) hmr update /src/index.css
3:42:26 AM [vite] (client) hmr update /src/index.css
3:42:26 AM [vite] (client) hmr update /src/index.css
3:42:26 AM [vite] (client) hmr update /src/index.css
3:42:44 AM [vite] (client) hmr update /src/index.css
3:44:12 AM [vite] (client) hmr update /src/index.css, /src/styles/gacha-stage.css
3:46:46 AM [vite] (client) hmr update /src/index.css, /src/pages/game/Shop.tsx
4:00:21 AM [vite] (client) hmr update /src/pages/game/Story.tsx, /src/components/PlayLoop.tsx, /src/components/CardInspector.tsx, /src/components/ResultScreen.tsx, /src/components/Battle.tsx, /src/components/BattlePowerBreakdown.tsx, /src/components/BattleCrew.tsx, /src/components/BattleReadability.tsx, /src/components/BattleVictory.tsx, /src/pages/game/CareerBoard.tsx, /src/components/DeckWorkbench.tsx
4:00:21 AM [vite] (client) hmr invalidate /src/components/PlayLoop.tsx Could not Fast Refresh ("EFFECT_PRESENTATION_TIMING" export is incompatible). Learn more at https://github.com/vitejs/vite-plugin-react/tree/main/packages/plugin-react#consistent-components-exports
4:00:21 AM [vite] (client) hmr update /src/App.tsx, /src/pages/game/DeckTest.tsx, /src/pages/game/Onboarding.tsx, /src/pages/game/PlayerDeckPlay.tsx, /src/pages/game/FirstDeckWorkshop.tsx
4:00:21 AM [vite] (client) hmr invalidate /src/components/Battle.tsx Could not Fast Refresh ("createBattleDecisionHandlers" export is incompatible). Learn more at https://github.com/vitejs/vite-plugin-react/tree/main/packages/plugin-react#consistent-components-exports
4:00:21 AM [vite] (client) hmr update /src/components/PlayLoop.tsx
4:00:23 AM [vite] (client) hmr update /src/index.css, /src/components/PlayLoop.tsx, /src/components/BattleAttack.tsx, /src/components/SpecialMove.tsx
4:00:24 AM [vite] (client) hmr invalidate /src/components/PlayLoop.tsx Could not Fast Refresh ("EFFECT_PRESENTATION_TIMING" export is incompatible). Learn more at https://github.com/vitejs/vite-plugin-react/tree/main/packages/plugin-react#consistent-components-exports
4:00:24 AM [vite] (client) hmr update /src/App.tsx, /src/pages/game/DeckTest.tsx, /src/pages/game/Onboarding.tsx, /src/pages/game/PlayerDeckPlay.tsx, /src/pages/game/FirstDeckWorkshop.tsx
4:00:25 AM [vite] (client) hmr update /src/index.css, /src/components/PlayLoop.tsx, /src/components/BattleAttack.tsx, /src/components/SpecialMove.tsx
4:00:25 AM [vite] (client) hmr invalidate /src/components/PlayLoop.tsx Could not Fast Refresh ("EFFECT_PRESENTATION_TIMING" export is incompatible). Learn more at https://github.com/vitejs/vite-plugin-react/tree/main/packages/plugin-react#consistent-components-exports
4:00:25 AM [vite] (client) hmr update /src/App.tsx, /src/pages/game/DeckTest.tsx, /src/pages/game/Onboarding.tsx, /src/pages/game/PlayerDeckPlay.tsx, /src/pages/game/FirstDeckWorkshop.tsx
4:05:56 AM [vite] (client) hmr update /src/pages/game/Story.tsx, /src/components/PlayLoop.tsx, /src/components/CardInspector.tsx, /src/components/ResultScreen.tsx, /src/components/Battle.tsx, /src/components/BattlePowerBreakdown.tsx, /src/components/BattleCrew.tsx, /src/components/BattleReadability.tsx, /src/components/BattleVictory.tsx, /src/pages/game/CareerBoard.tsx, /src/components/DeckWorkbench.tsx
4:05:56 AM [vite] (client) hmr invalidate /src/components/PlayLoop.tsx Could not Fast Refresh ("EFFECT_PRESENTATION_TIMING" export is incompatible). Learn more at https://github.com/vitejs/vite-plugin-react/tree/main/packages/plugin-react#consistent-components-exports
4:05:56 AM [vite] (client) hmr update /src/App.tsx, /src/pages/game/DeckTest.tsx, /src/pages/game/Onboarding.tsx, /src/pages/game/PlayerDeckPlay.tsx, /src/pages/game/FirstDeckWorkshop.tsx
4:05:56 AM [vite] (client) hmr invalidate /src/components/Battle.tsx Could not Fast Refresh ("createBattleDecisionHandlers" export is incompatible). Learn more at https://github.com/vitejs/vite-plugin-react/tree/main/packages/plugin-react#consistent-components-exports
4:05:56 AM [vite] (client) hmr update /src/components/PlayLoop.tsx
4:09:57 AM [vite] (client) hmr update /src/index.css, /src/pages/game/GameApp.tsx
4:09:59 AM [vite] (client) hmr update /src/index.css, /src/components/venue/GameNav.tsx
4:10:00 AM [vite] (client) hmr update /src/index.css, /src/pages/game/PlayerDeckPlay.tsx
4:10:01 AM [vite] (client) hmr update /src/index.css, /src/pages/game/Home.tsx
4:12:22 AM [vite] (client) hmr update /src/index.css
4:12:23 AM [vite] vite.config.ts changed, restarting server...
4:12:24 AM [vite] (client) Re-optimizing dependencies because vite config has changed
4:12:24 AM [vite] server restarted.
4:12:26 AM [vite] changed tsconfig file detected: E:/Apps/code/minimax/Squabblemon/artifacts/squabblemon/tsconfig.json - Clearing cache and forcing full-reload to ensure TypeScript is compiled with updated config values.
4:12:29 AM [vite] (client) hmr update /src/index.css, /src/pages/game/GameApp.tsx
4:16:57 AM [vite] (client) hmr update /src/pages/game/Story.tsx, /src/components/PlayLoop.tsx, /src/components/CardInspector.tsx, /src/components/ResultScreen.tsx, /src/components/BattlePowerBreakdown.tsx, /src/components/Battle.tsx, /src/components/BattleVictory.tsx, /src/components/BattleReadability.tsx, /src/components/BattleCrew.tsx, /src/components/DeckWorkbench.tsx, /src/pages/game/CareerBoard.tsx, /src/components/MultiplayerBattle.tsx
4:16:57 AM [vite] (client) hmr invalidate /src/components/PlayLoop.tsx Could not Fast Refresh ("EFFECT_PRESENTATION_TIMING" export is incompatible). Learn more at https://github.com/vitejs/vite-plugin-react/tree/main/packages/plugin-react#consistent-components-exports
4:16:57 AM [vite] (client) hmr update /src/App.tsx, /src/pages/game/DeckTest.tsx, /src/pages/game/PlayerDeckPlay.tsx, /src/pages/game/Onboarding.tsx, /src/pages/game/FirstDeckWorkshop.tsx
4:16:57 AM [vite] (client) hmr invalidate /src/components/Battle.tsx Could not Fast Refresh ("createBattleDecisionHandlers" export is incompatible). Learn more at https://github.com/vitejs/vite-plugin-react/tree/main/packages/plugin-react#consistent-components-exports
4:16:57 AM [vite] (client) hmr update /src/components/PlayLoop.tsx
4:18:40 AM [vite] (client) hmr update /src/pages/game/Story.tsx, /src/components/PlayLoop.tsx, /src/components/CardInspector.tsx, /src/components/ResultScreen.tsx, /src/components/BattlePowerBreakdown.tsx, /src/components/Battle.tsx, /src/components/BattleVictory.tsx, /src/components/BattleReadability.tsx, /src/components/BattleCrew.tsx, /src/components/DeckWorkbench.tsx, /src/pages/game/CareerBoard.tsx, /src/components/MultiplayerBattle.tsx
4:18:40 AM [vite] (client) hmr invalidate /src/components/PlayLoop.tsx Could not Fast Refresh ("EFFECT_PRESENTATION_TIMING" export is incompatible). Learn more at https://github.com/vitejs/vite-plugin-react/tree/main/packages/plugin-react#consistent-components-exports
4:18:40 AM [vite] (client) hmr update /src/App.tsx, /src/pages/game/DeckTest.tsx, /src/pages/game/PlayerDeckPlay.tsx, /src/pages/game/Onboarding.tsx, /src/pages/game/FirstDeckWorkshop.tsx
4:18:40 AM [vite] (client) hmr invalidate /src/components/Battle.tsx Could not Fast Refresh ("createBattleDecisionHandlers" export is incompatible). Learn more at https://github.com/vitejs/vite-plugin-react/tree/main/packages/plugin-react#consistent-components-exports
4:18:40 AM [vite] (client) hmr update /src/components/PlayLoop.tsx
4:19:36 AM [vite] (client) hmr update /src/pages/game/Story.tsx, /src/components/PlayLoop.tsx, /src/components/CardInspector.tsx, /src/components/ResultScreen.tsx, /src/components/BattlePowerBreakdown.tsx, /src/components/Battle.tsx, /src/components/BattleVictory.tsx, /src/components/BattleReadability.tsx, /src/components/BattleCrew.tsx, /src/components/DeckWorkbench.tsx, /src/pages/game/CareerBoard.tsx, /src/components/MultiplayerBattle.tsx
4:19:36 AM [vite] (client) hmr update /src/components/MultiplayerBattle.tsx
4:19:36 AM [vite] (client) hmr update /src/index.css, /src/components/PlayLoop.tsx
4:19:36 AM [vite] (client) hmr invalidate /src/components/PlayLoop.tsx Could not Fast Refresh ("EFFECT_PRESENTATION_TIMING" export is incompatible). Learn more at https://github.com/vitejs/vite-plugin-react/tree/main/packages/plugin-react#consistent-components-exports
4:19:36 AM [vite] (client) hmr update /src/App.tsx, /src/pages/game/DeckTest.tsx, /src/pages/game/PlayerDeckPlay.tsx, /src/pages/game/Onboarding.tsx, /src/pages/game/FirstDeckWorkshop.tsx
4:19:36 AM [vite] (client) hmr invalidate /src/components/Battle.tsx Could not Fast Refresh ("createBattleDecisionHandlers" export is incompatible). Learn more at https://github.com/vitejs/vite-plugin-react/tree/main/packages/plugin-react#consistent-components-exports
4:19:36 AM [vite] (client) hmr update /src/components/PlayLoop.tsx
4:19:36 AM [vite] (client) hmr invalidate /src/components/PlayLoop.tsx Could not Fast Refresh ("EFFECT_PRESENTATION_TIMING" export is incompatible). Learn more at https://github.com/vitejs/vite-plugin-react/tree/main/packages/plugin-react#consistent-components-exports
4:19:36 AM [vite] (client) hmr update /src/App.tsx, /src/pages/game/DeckTest.tsx, /src/pages/game/PlayerDeckPlay.tsx, /src/pages/game/Onboarding.tsx, /src/pages/game/FirstDeckWorkshop.tsx
4:20:09 AM [vite] (client) hmr update /src/index.css, /src/components/MultiplayerBattle.tsx
4:20:34 AM [vite] (client) hmr update /src/pages/game/GameApp.tsx, /src/pages/game/Settings.tsx, /src/pages/game/Home.tsx, /src/pages/game/DeckEditor.tsx, /src/pages/game/Collection.tsx, /src/pages/game/Decks.tsx, /src/pages/game/Onboarding.tsx, /src/pages/game/Shop.tsx, /src/pages/game/Missions.tsx, /src/pages/game/Story.tsx, /src/pages/game/Multiplayer.tsx, /src/components/PlayLoop.tsx, /src/pages/game/FirstDeckWorkshop.tsx, /src/pages/game/CareerBoard.tsx, /src/components/CardInspector.tsx, /src/pages/game/Market.tsx
4:20:34 AM [vite] (client) hmr update /src/pages/game/GameApp.tsx, /src/pages/game/Settings.tsx, /src/pages/game/Home.tsx, /src/pages/game/DeckEditor.tsx, /src/pages/game/Collection.tsx, /src/pages/game/Decks.tsx, /src/pages/game/Onboarding.tsx, /src/pages/game/Shop.tsx, /src/pages/game/Missions.tsx, /src/pages/game/Story.tsx, /src/pages/game/Multiplayer.tsx, /src/components/PlayLoop.tsx, /src/pages/game/FirstDeckWorkshop.tsx, /src/pages/game/CareerBoard.tsx, /src/components/CardInspector.tsx, /src/pages/game/Market.tsx
4:20:34 AM [vite] (client) hmr update /src/pages/game/GameApp.tsx, /src/pages/game/Settings.tsx, /src/pages/game/Home.tsx, /src/pages/game/DeckEditor.tsx, /src/pages/game/Collection.tsx, /src/pages/game/Decks.tsx, /src/pages/game/Onboarding.tsx, /src/pages/game/Shop.tsx, /src/pages/game/Missions.tsx, /src/pages/game/Story.tsx, /src/pages/game/Multiplayer.tsx, /src/components/PlayLoop.tsx, /src/pages/game/FirstDeckWorkshop.tsx, /src/pages/game/CareerBoard.tsx, /src/components/CardInspector.tsx, /src/pages/game/Market.tsx
4:20:34 AM [vite] (client) hmr update /src/pages/game/GameApp.tsx, /src/pages/game/Settings.tsx, /src/pages/game/Home.tsx, /src/pages/game/DeckEditor.tsx, /src/pages/game/Collection.tsx, /src/pages/game/Decks.tsx, /src/pages/game/Onboarding.tsx, /src/pages/game/Shop.tsx, /src/pages/game/Missions.tsx, /src/pages/game/Story.tsx, /src/pages/game/Multiplayer.tsx, /src/components/PlayLoop.tsx, /src/pages/game/FirstDeckWorkshop.tsx, /src/pages/game/CareerBoard.tsx, /src/components/CardInspector.tsx, /src/pages/game/Market.tsx
4:20:34 AM [vite] (client) hmr invalidate /src/components/PlayLoop.tsx Could not Fast Refresh ("EFFECT_PRESENTATION_TIMING" export is incompatible). Learn more at https://github.com/vitejs/vite-plugin-react/tree/main/packages/plugin-react#consistent-components-exports
4:20:34 AM [vite] (client) hmr update /src/App.tsx, /src/pages/game/DeckTest.tsx, /src/pages/game/PlayerDeckPlay.tsx, /src/pages/game/Onboarding.tsx, /src/pages/game/FirstDeckWorkshop.tsx
4:21:31 AM [vite] (client) hmr update /src/index.css, /src/components/PlayLoop.tsx
4:21:31 AM [vite] (client) hmr update /src/index.css, /src/components/Battle.tsx
4:21:31 AM [vite] (client) hmr update /src/index.css
4:21:31 AM [vite] (client) hmr update /src/index.css, /src/components/BattlePowerBreakdown.tsx
4:21:31 AM [vite] (client) hmr update /src/index.css, /src/components/BattleReadability.tsx
4:21:31 AM [vite] (client) hmr update /src/index.css, /src/components/MultiplayerBattle.tsx
4:21:31 AM [vite] (client) hmr update /src/index.css, /src/components/RulesModal.tsx
4:21:32 AM [vite] (client) hmr invalidate /src/components/PlayLoop.tsx Could not Fast Refresh ("EFFECT_PRESENTATION_TIMING" export is incompatible). Learn more at https://github.com/vitejs/vite-plugin-react/tree/main/packages/plugin-react#consistent-components-exports
4:21:32 AM [vite] (client) hmr update /src/App.tsx, /src/pages/game/DeckTest.tsx, /src/pages/game/PlayerDeckPlay.tsx, /src/pages/game/Onboarding.tsx, /src/pages/game/FirstDeckWorkshop.tsx
4:22:38 AM [vite] (client) hmr update /src/index.css, /src/components/Battle.tsx
4:22:39 AM [vite] (client) hmr invalidate /src/components/Battle.tsx Could not Fast Refresh ("createBattleDecisionHandlers" export is incompatible). Learn more at https://github.com/vitejs/vite-plugin-react/tree/main/packages/plugin-react#consistent-components-exports
4:22:39 AM [vite] (client) hmr update /src/components/PlayLoop.tsx
4:22:39 AM [vite] (client) hmr invalidate /src/components/PlayLoop.tsx Could not Fast Refresh ("EFFECT_PRESENTATION_TIMING" export is incompatible). Learn more at https://github.com/vitejs/vite-plugin-react/tree/main/packages/plugin-react#consistent-components-exports
4:22:39 AM [vite] (client) hmr update /src/App.tsx, /src/pages/game/DeckTest.tsx, /src/pages/game/PlayerDeckPlay.tsx, /src/pages/game/Onboarding.tsx, /src/pages/game/FirstDeckWorkshop.tsx
4:23:03 AM [vite] (client) hmr update /src/pages/game/Story.tsx, /src/components/PlayLoop.tsx, /src/components/CardInspector.tsx, /src/components/ResultScreen.tsx, /src/components/BattlePowerBreakdown.tsx, /src/components/Battle.tsx, /src/components/BattleVictory.tsx, /src/components/BattleReadability.tsx, /src/components/BattleCrew.tsx, /src/components/DeckWorkbench.tsx, /src/pages/game/CareerBoard.tsx, /src/components/MultiplayerBattle.tsx
4:23:03 AM [vite] (client) hmr invalidate /src/components/PlayLoop.tsx Could not Fast Refresh ("EFFECT_PRESENTATION_TIMING" export is incompatible). Learn more at https://github.com/vitejs/vite-plugin-react/tree/main/packages/plugin-react#consistent-components-exports
4:23:03 AM [vite] (client) hmr update /src/App.tsx, /src/pages/game/DeckTest.tsx, /src/pages/game/PlayerDeckPlay.tsx, /src/pages/game/Onboarding.tsx, /src/pages/game/FirstDeckWorkshop.tsx
4:23:03 AM [vite] (client) hmr invalidate /src/components/Battle.tsx Could not Fast Refresh ("createBattleDecisionHandlers" export is incompatible). Learn more at https://github.com/vitejs/vite-plugin-react/tree/main/packages/plugin-react#consistent-components-exports
4:23:03 AM [vite] (client) hmr update /src/components/PlayLoop.tsx
4:24:09 AM [vite] changed tsconfig file detected: E:/Apps/code/minimax/Squabblemon/lib/squabblemon-engine/tsconfig.json - Clearing cache and forcing full-reload to ensure TypeScript is compiled with updated config values.
4:24:11 AM [vite] (client) hmr update /src/index.css, /src/components/MultiplayerBattle.tsx
4:24:13 AM [vite] (client) ✨ new dependencies optimized: @radix-ui/react-dialog, tailwind-merge, clsx
4:24:13 AM [vite] (client) ✨ optimized dependencies changed. reloading
4:24:13 AM [vite] (client) hmr update /src/index.css, /src/styles/multiplayer.css
4:27:23 AM [vite] (client) hmr update /src/components/MultiplayerBattle.tsx
4:28:13 AM [vite] (client) hmr update /src/index.css, /src/components/PlayLoop.tsx
4:28:13 AM [vite] (client) hmr update /src/pages/game/Story.tsx, /src/components/PlayLoop.tsx, /src/components/CardInspector.tsx, /src/components/ResultScreen.tsx, /src/components/BattlePowerBreakdown.tsx, /src/components/Battle.tsx, /src/components/BattleVictory.tsx, /src/components/BattleReadability.tsx, /src/components/BattleCrew.tsx, /src/components/DeckWorkbench.tsx, /src/pages/game/CareerBoard.tsx, /src/components/MultiplayerBattle.tsx
4:28:14 AM [vite] (client) hmr invalidate /src/components/PlayLoop.tsx Could not Fast Refresh ("EFFECT_PRESENTATION_TIMING" export is incompatible). Learn more at https://github.com/vitejs/vite-plugin-react/tree/main/packages/plugin-react#consistent-components-exports
4:28:14 AM [vite] (client) hmr update /src/App.tsx, /src/pages/game/DeckTest.tsx, /src/pages/game/PlayerDeckPlay.tsx, /src/pages/game/Onboarding.tsx, /src/pages/game/FirstDeckWorkshop.tsx
4:29:38 AM [vite] (client) page reload e2e/districts.fixture.html
4:29:40 AM [vite] (client) hmr update /src/index.css, /src/components/Battle.tsx
4:29:40 AM [vite] (client) hmr invalidate /src/components/Battle.tsx Could not Fast Refresh ("createBattleDecisionHandlers" export is incompatible). Learn more at https://github.com/vitejs/vite-plugin-react/tree/main/packages/plugin-react#consistent-components-exports
4:29:40 AM [vite] (client) hmr update /src/components/PlayLoop.tsx
4:29:40 AM [vite] (client) hmr invalidate /src/components/PlayLoop.tsx Could not Fast Refresh ("EFFECT_PRESENTATION_TIMING" export is incompatible). Learn more at https://github.com/vitejs/vite-plugin-react/tree/main/packages/plugin-react#consistent-components-exports
4:29:40 AM [vite] (client) hmr update /src/App.tsx, /src/pages/game/DeckTest.tsx, /src/pages/game/PlayerDeckPlay.tsx, /src/pages/game/Onboarding.tsx, /src/pages/game/FirstDeckWorkshop.tsx
4:33:20 AM [vite] (client) hmr update /src/components/MultiplayerBattle.tsx
4:33:20 AM [vite] (client) hmr update /src/index.css, /src/pages/game/Multiplayer.tsx
4:33:20 AM [vite] (client) hmr update /src/index.css, /src/pages/game/Multiplayer.tsx
4:33:20 AM [vite] (client) hmr update /src/index.css, /src/components/MultiplayerBattle.tsx
4:33:20 AM [vite] (client) hmr update /src/index.css, /src/styles/multiplayer.css
